RAM Allocation [bytes]
Variable                                                                          Address   Size
------------------------------------------------------------------------------------------------
fnd                                                                               0x0500      10
f                                                                                 0x050A       2
am                                                                                0x050C       2
pm                                                                                0x050E       2
s                                                                                 0x0510       2
m                                                                                 0x0512       2
h                                                                                 0x0514       2
x                                                                                 0x0516       2

EEPROM Allocation [bytes]
Variable                                                                          Address   Size
------------------------------------------------------------------------------------------------

Register Allocation
Variable                                                                          Register  Size
------------------------------------------------------------------------------------------------
a                                                                                 R4,R5        2
b                                                                                 R6,R7        2
c                                                                                 R8,R9        2
d                                                                                 R10,R11      2
e                                                                                 R12,R13      2

FLASH Allocation [words]
Function                                                                          Address   Size
------------------------------------------------------------------------------------------------
ext_int0                                                                          0x0008B     28
ext_int1                                                                          0x000A7     28
ext_int2                                                                          0x000C3     41
main                                                                              0x000EC    157
