RAM Allocation [bytes]
Variable                                                                          Address   Size
------------------------------------------------------------------------------------------------
seg_pat                                                                           0x0500      16

EEPROM Allocation [bytes]
Variable                                                                          Address   Size
------------------------------------------------------------------------------------------------

Register Allocation
Variable                                                                          Register  Size
------------------------------------------------------------------------------------------------
n1                                                                                R5           1
n10                                                                               R4           1
n100                                                                              R7           1
n1000                                                                             R6           1
pos                                                                               R9           1

FLASH Allocation [words]
Function                                                                          Address   Size
------------------------------------------------------------------------------------------------
main                                                                              0x00088     31
seg4_out                                                                          0x000A7     17
sw_key1                                                                           0x000B8     24
sw_key2                                                                           0x000D0      8
