RAM Allocation [bytes]
Variable                                                                          Address   Size
------------------------------------------------------------------------------------------------
seg_pat                                                                           0x0500      16

EEPROM Allocation [bytes]
Variable                                                                          Address   Size
------------------------------------------------------------------------------------------------

Register Allocation
Variable                                                                          Register  Size
------------------------------------------------------------------------------------------------
n1                                                                                R5           1
n10                                                                               R4           1
n100                                                                              R7           1
n1000                                                                             R6           1
pos                                                                               R9           1

FLASH Allocation [words]
Function                                                                          Address   Size
------------------------------------------------------------------------------------------------
main                                                                              0x00088     12
seg4_out                                                                          0x00094     17
external_int4                                                                     0x000A5     42
external_int5                                                                     0x000CF     20
