RAM Allocation [bytes]
Variable                                                                          Address   Size
------------------------------------------------------------------------------------------------
fnd                                                                               0x0500      10
fnd_ch                                                                            0x050A       4

EEPROM Allocation [bytes]
Variable                                                                          Address   Size
------------------------------------------------------------------------------------------------

Register Allocation
Variable                                                                          Register  Size
------------------------------------------------------------------------------------------------
n1                                                                                R5           1
n10                                                                               R4           1
n100                                                                              R7           1
n1000                                                                             R6           1
status                                                                            R9           1

FLASH Allocation [words]
Function                                                                          Address   Size
------------------------------------------------------------------------------------------------
outpost                                                                           0x0008A     24
main                                                                              0x000A2     54
